one
two
three
three.a
three.b
three.c
three.d
three.e
three.f
three.g
four
five
six
six.a
six.b
six.b.1
six.b.2
six.c
six.d
ok
