newline:
escape symbol is:\
string in string:"wow!"
