3 <3>
4 <2,2>
5 <5>
28 <2,2,7>
44 <2,2,11>
132 <2,2,3,11>
1024 <2,2,2,2,2,2,2,2,2,2>
1025 <5,5,41>

