How many items? item 0: 
item 1: 
item 2: 
item 3: 
item 4: 
item 5: 
item 6: 
item 7: 
item 8: 
item 9: 
item 10: 
item 11: 
item 12: 
item 13: 
item 14: 
item 15: 
item 16: 
item 17: 
item 18: 
item 19: 
input list is: <3,2,7,8,-12,55,0,1,33,2,5,33,6,-2832242423885,-23432,9248140928509243850928345098230592345234524389582435,4343,22,354,44>
sorting...
done.
output list is: <-2832242423885,-23432,-12,0,1,2,2,3,5,6,7,8,22,33,33,44,55,354,4343,9248140928509243850928345098230592345234524389582435>
