Ackermann(0,0)==1... ok
Ackermann(1,1)==2... ok
Ackermann(2,2)==3... ok
Ackermann(3,3)==4... ok
Ackermann(0,0)==2... ok
Ackermann(1,1)==3... ok
Ackermann(2,2)==4... ok
Ackermann(3,3)==5... ok
Ackermann(0,0)==3... ok
Ackermann(1,1)==5... ok
Ackermann(2,2)==7... ok
Ackermann(3,3)==9... ok
Ackermann(0,0)==5... ok
Ackermann(1,1)==13... ok
Ackermann(2,2)==29... ok
Ackermann(3,3)==61... ok

