2 <2,0,3,2><2,0,3,2>
0 <>
2 <10,2,0,3,2><10,2,0,3,2>
0 <>
