0 close ok
1 open  ok
2 close ok
3 close ok
4 open  ok
5 close ok
6 close ok
7 close ok
8 close ok
9 open  ok
10 close ok
11 close ok
12 close ok
13 close ok
14 close ok
15 close ok
16 open  ok
17 close ok
18 close ok
19 close ok
20 close ok
21 close ok
22 close ok
23 close ok
24 close ok
25 open  ok
26 close ok
27 close ok
28 close ok
29 close ok
30 close ok
31 close ok
32 close ok
33 close ok
34 close ok
35 close ok
36 open  ok
37 close ok
38 close ok
39 close ok
40 close ok
41 close ok
42 close ok
43 close ok
44 close ok
45 close ok
46 close ok
47 close ok
48 close ok
49 open  ok
50 close ok
51 close ok
52 close ok
53 close ok
54 close ok
55 close ok
56 close ok
57 close ok
58 close ok
59 close ok
60 close ok
61 close ok
62 close ok
63 close ok
64 open  ok
65 close ok
66 close ok
67 close ok
68 close ok
69 close ok
70 close ok
71 close ok
72 close ok
73 close ok
74 close ok
75 close ok
76 close ok
77 close ok
78 close ok
79 close ok
80 close ok
81 open  ok
82 close ok
83 close ok
84 close ok
85 close ok
86 close ok
87 close ok
88 close ok
89 close ok
90 close ok
91 close ok
92 close ok
93 close ok
94 close ok
95 close ok
96 close ok
97 close ok
98 close ok
99 close ok
